################################################################################
#                                                                              #
#      IAR Universal Linker V4.48F/386                                         #
#                                                                              #
#           Link time     =  13/Apr/99  16:49:10                               #
#           Target CPU    =  8051                                              #
#           List file     =  led.map                                           #
#           Output file 1 =  led.hex                                           #
#           Output format =  intel-standard                                    #
#           Command line  =  -f LED (-c8051 -D_R=0                             #
#                            -Z(XDATA)C_ARGX,X_UDATA,X_IDATA,NO_INIT,ECSTR=0   #
#                            -Z(CODE)INTVEC=0                                  #
#                            -Z(CODE)RCODE,D_CDATA,I_CDATA,X_CDATA=80          #
#                            -Z(CODE)C_ICALL,C_RECFN,CSTR,CCSTR,CODE,CONST     #
#                            -Z(DATA)C_ARGD,D_UDATA,D_IDATA=30                 #
#                            -Z(IDATA)C_ARGI,I_UDATA,I_IDATA,CSTACK            #
#                            -Z(BIT)C_ARGB,BITVARS=0                           #
#                            -e_small_write=_formatted_write                   #
#                            -e_medium_read=_formatted_read led cl8051l        #
#                            -Fintel-standard -o led.hex -x -l led.map)        #
#                                                                              #
#                                               (c) Copyright IAR Systems 1996 #
################################################################################





                ****************************************
                *                                      *
                *           CROSS REFERENCE            *
                *                                      *
                ****************************************

       Program entry at : 0000  Relocatable, from module : CSTARTUP



                ****************************************
                *                                      *
                *             MODULE MAP               *
                *                                      *
                ****************************************

  DEFINED ABSOLUTE ENTRIES
  PROGRAM MODULE, NAME : ?ABS_ENTRY_MOD
          ABSOLUTE ENTRIES        ADDRESS          REF BY MODULE
           ==============         =======          =============
           _R                      0000            CSTARTUP


  SEGMENTS IN THE MODULE
  ======================
C_ARGX
  Relative segment, address : 0000 - 001D

    *************************************************************************

  FILE NAME : led.r03
  PROGRAM MODULE, NAME : led

  SEGMENTS IN THE MODULE
  ======================
CODE
  Relative segment, address : 032F - 0BCC
           ENTRIES                ADDRESS          REF BY MODULE
           T0_int                  08B2            Not referred to
               interrupt function
           complete_hangul         0559            Not referred to
               xdata = 0000 ( 0002 , 0007 )
           interrupt_init          03B3            Not referred to
           main                    0972            CSTARTUP
               xdata = 001A ( 0004 , 0000 )
           putch_engfont           03D1            Not referred to
               xdata = 0000 ( 0007 , 0003 )
           putch_hanfont           0620            Not referred to
               xdata = 000A ( 000D , 0003 )
           variable_init           032F            Not referred to
               xdata = 0000 ( 0002 , 0000 )
    -------------------------------------------------------------------------
CSTR
  Relative segment, address : 02FC - 032E
    -------------------------------------------------------------------------
CONST
  Relative segment, address : 0BCD - 4999
           ENTRIES                ADDRESS          REF BY MODULE
           Dfm                     4946            Not referred to
           Dmf                     496E            Not referred to
           Dml                     4930            Not referred to
           ENGFONT                 38CD            Not referred to
           HANSOFT_1               0BCD            Not referred to
           HANSOFT_2               1FCD            Not referred to
           HANSOFT_3               2ACD            Not referred to
           sangyongtable           48CD            Not referred to
    -------------------------------------------------------------------------
INTVEC
  Common segment, address : 0000 - 000D
    -------------------------------------------------------------------------
X_UDATA
  Relative segment, address : 001E - 008C
    -------------------------------------------------------------------------
X_IDATA
  Relative segment, address : 008D - 009C
           ENTRIES                ADDRESS          REF BY MODULE
           Eng_Font                0096            Not referred to
           Font_Addr1              008D            Not referred to
           Font_Addr2              0090            Not referred to
           Font_Addr3              0093            Not referred to
    -------------------------------------------------------------------------
X_CDATA
  Relative segment, address : 02EC - 02FB

    *************************************************************************

  FILE NAME : d:\lang\cci_hdsl\lib\cl8051l.r03
  PROGRAM MODULE, NAME : CSTARTUP

  SEGMENTS IN THE MODULE
  ======================
CSTACK
  Relative segment, address : 0030 - 004D
    -------------------------------------------------------------------------
INTVEC
  Common segment, address : 0000 - 0002
    -------------------------------------------------------------------------
RCODE
  Relative segment, address : 0080 - 012F
    -------------------------------------------------------------------------
D_UDATA
  Relative segment, address : Not in use    
    -------------------------------------------------------------------------
D_CDATA
  Relative segment, address : Not in use    
    -------------------------------------------------------------------------
D_IDATA
  Relative segment, address : Not in use    
    -------------------------------------------------------------------------
I_UDATA
  Relative segment, address : Not in use    
    -------------------------------------------------------------------------
I_CDATA
  Relative segment, address : Not in use    
    -------------------------------------------------------------------------
I_IDATA
  Relative segment, address : Not in use    
    -------------------------------------------------------------------------
X_UDATA
  Relative segment, address : Not in use    
    -------------------------------------------------------------------------
X_CDATA
  Relative segment, address : Not in use    
    -------------------------------------------------------------------------
X_IDATA
  Relative segment, address : Not in use    
    -------------------------------------------------------------------------
ECSTR
  Relative segment, address : Not in use    
    -------------------------------------------------------------------------
CCSTR
  Relative segment, address : Not in use    

    -------------------------------------------------------------------------
  LIBRARY MODULE, NAME : exit

  SEGMENTS IN THE MODULE
  ======================
RCODE
  Relative segment, address : 0130 - 0131
           ENTRIES                ADDRESS          REF BY MODULE
           exit                    0130            Not referred to
           ?C_EXIT                 0130            CSTARTUP

    -------------------------------------------------------------------------
  LIBRARY MODULE, NAME : ?IOR_ASG_R123_A_L00

  SEGMENTS IN THE MODULE
  ======================
RCODE
  Relative segment, address : 0132 - 013B
           ENTRIES                ADDRESS          REF BY MODULE
           ?IOR_ASG_R123_A_L00     0132            led

    -------------------------------------------------------------------------
  LIBRARY MODULE, NAME : ?SETDOWN_L00

  SEGMENTS IN THE MODULE
  ======================
RCODE
  Relative segment, address : 013C - 015E
           ENTRIES                ADDRESS          REF BY MODULE
           ?SETDOWN_L00            013E            ?IOR_ASG_R123_A_L00
           ?SETDOWN2_L00           013C            Not referred to

    -------------------------------------------------------------------------
  LIBRARY MODULE, NAME : ?SETUP_R123_L00

  SEGMENTS IN THE MODULE
  ======================
RCODE
  Relative segment, address : 015F - 0177
           ENTRIES                ADDRESS          REF BY MODULE
           ?SETUP_R123_L00         015F            ?IOR_ASG_R123_A_L00

    -------------------------------------------------------------------------
  LIBRARY MODULE, NAME : ?SC_SWITCH_L05

  SEGMENTS IN THE MODULE
  ======================
RCODE
  Relative segment, address : 0178 - 01AD
           ENTRIES                ADDRESS          REF BY MODULE
           ?AR1_SC_SWITCH_L05      0178            Not referred to
           ?AR3_SC_SWITCH_L05      017D            Not referred to
           ?AR5_SC_SWITCH_L05      0182            led
           ?AR7_SC_SWITCH_L05      0187            Not referred to

    -------------------------------------------------------------------------
  LIBRARY MODULE, NAME : ?C_SWITCH_L05

  SEGMENTS IN THE MODULE
  ======================
RCODE
  Relative segment, address : 01AE - 01E3
           ENTRIES                ADDRESS          REF BY MODULE
           ?A_S_SWITCH_L05         01AE            Not referred to
           ?C_SWITCH               01BE            ?SC_SWITCH_L05
           ?C_SWITCH_D             01DA            ?SC_SWITCH_L05

    -------------------------------------------------------------------------
  LIBRARY MODULE, NAME : ?LOAD_A_L17

  SEGMENTS IN THE MODULE
  ======================
RCODE
  Relative segment, address : 01E4 - 0211
           ENTRIES                ADDRESS          REF BY MODULE
           ?LOAD_A_L17             01F6            Not referred to
           ?LD_A_R123_L17          01E4            Not referred to
           ?LD_A_R567_L17          01EE            led
           ?LD_A_R123_DISP_L17     01E9            led
           ?LD_A_R567_DISP_L17     01F3            led

    -------------------------------------------------------------------------
  LIBRARY MODULE, NAME : ?SETUP_R123_L17

  SEGMENTS IN THE MODULE
  ======================
RCODE
  Relative segment, address : 0212 - 022E
           ENTRIES                ADDRESS          REF BY MODULE
           ?SETUP_R123_L17         0212            ?LOAD_A_L17
                                                   ?STORE_A_L17

    -------------------------------------------------------------------------
  LIBRARY MODULE, NAME : ?SETUP_R123_DISP_L17

  SEGMENTS IN THE MODULE
  ======================
RCODE
  Relative segment, address : 022F - 025F
           ENTRIES                ADDRESS          REF BY MODULE
           ?SETUP_R123_DISP_L17    022F            ?LOAD_A_L17
                                                   ?STORE_A_L17

    -------------------------------------------------------------------------
  LIBRARY MODULE, NAME : ?SETUP_R567_L17

  SEGMENTS IN THE MODULE
  ======================
RCODE
  Relative segment, address : 0260 - 0280
           ENTRIES                ADDRESS          REF BY MODULE
           ?SETUP_R567_L17         0260            ?LOAD_A_L17
                                                   ?STORE_A_L17

    -------------------------------------------------------------------------
  LIBRARY MODULE, NAME : ?SETUP_R567_DISP_L17

  SEGMENTS IN THE MODULE
  ======================
RCODE
  Relative segment, address : 0281 - 02B1
           ENTRIES                ADDRESS          REF BY MODULE
           ?SETUP_R567_DISP_L17    0281            ?LOAD_A_L17
                                                   ?STORE_A_L17

    -------------------------------------------------------------------------
  LIBRARY MODULE, NAME : ?STORE_A_L17

  SEGMENTS IN THE MODULE
  ======================
RCODE
  Relative segment, address : 02B2 - 02EB
           ENTRIES                ADDRESS          REF BY MODULE
           ?STORE_A_L17            02CC            Not referred to
           ?ST_A_R123_L17          02B2            Not referred to
           ?ST_A_R567_L17          02C0            Not referred to
           ?ST_A_R123_DISP_L17     02B9            Not referred to
           ?ST_A_R567_DISP_L17     02C7            led

    -------------------------------------------------------------------------
  LIBRARY MODULE, NAME : ?VERSION_L17
          ABSOLUTE ENTRIES        ADDRESS          REF BY MODULE
           ==============         =======          =============
           ?CL8051L_5_12_L17       C893            led

    -------------------------------------------------------------------------
                ****************************************
                *                                      *
                *        SEGMENTS IN DUMP ORDER        *
                *                                      *
                ****************************************

 SEGMENT               START ADDRESS    END ADDRESS  TYPE  ORG  P/N  ALIGN
 =======               =============    ===========  ====  ===  ===  =====
C_ARGB                          Not in use            dse  stc  pos   0     
BITVARS                         Not in use            dse  flt  pos   0     
C_ARGX                      0000     -     001D       rel  stc  pos   0     
X_UDATA                     001E     -     008C       rel  flt  pos   0     
X_IDATA                     008D     -     009C       rel  flt  pos   0     
NO_INIT                         Not in use            dse  flt  pos   0     
ECSTR                           Not in use            rel  flt  pos   0     
INTVEC                      0000     -     000D       com  stc  pos   0     
RCODE                       0080     -     02EB       rel  stc  pos   0     
D_CDATA                         Not in use            rel  flt  pos   0     
I_CDATA                         Not in use            rel  flt  pos   0     
X_CDATA                     02EC     -     02FB       rel  flt  pos   0     
C_ICALL                         Not in use            dse  flt  pos   0     
C_RECFN                         Not in use            dse  flt  pos   0     
CSTR                        02FC     -     032E       rel  flt  pos   0     
CCSTR                           Not in use            rel  flt  pos   0     
CODE                        032F     -     0BCC       rel  flt  pos   0     
CONST                       0BCD     -     4999       rel  flt  pos   0     
C_ARGD                          Not in use            dse  stc  pos   0     
D_UDATA                         Not in use            rel  flt  pos   0     
D_IDATA                         Not in use            rel  flt  pos   0     
C_ARGI                          Not in use            dse  flt  pos   0     
I_UDATA                         Not in use            rel  flt  pos   0     
I_IDATA                         Not in use            rel  flt  pos   0     
CSTACK                      0030     -     004D       rel  flt  pos   0     

                ****************************************
                *                                      *
                *        END OF CROSS REFERENCE        *
                *                                      *
                ****************************************

Memory type       Used
-----------       ----
CODE             18728 bytes
XDATA              157 bytes
IDATA               30 bytes

Errors: none
Warnings: none

